// Jest Snapshot v1, https://goo.gl/fbAQLP

exports[`Toast matches snapshot 1`] = `
<div
  className="toast"
>
  <div
    className="toast-error"
  >
    <div
      className="toast_content"
    >
      <span
        className="toast_content-up"
      />
       
    </div>
  </div>
</div>
`;
